node_modules/@google-cloud/storage/build/cjs/src/crc32c.d.ts(66,5): error TS18028: Private identifiers are only available when targeting ECMAScript 2015 and higher.
node_modules/@google-cloud/storage/build/cjs/src/file.d.ts(327,5): error TS18028: Private identifiers are only available when targeting ECMAScript 2015 and higher.
node_modules/@google-cloud/storage/build/cjs/src/hash-stream-validator.d.ts(20,5): error TS18028: Private identifiers are only available when targeting ECMAScript 2015 and higher.
node_modules/@google-cloud/storage/build/cjs/src/resumable-upload.d.ts(216,5): error TS18028: Private identifiers are only available when targeting ECMAScript 2015 and higher.
node_modules/gaxios/build/src/gaxios.d.ts(6,5): error TS18028: Private identifiers are only available when targeting ECMAScript 2015 and higher.
node_modules/google-auth-library/build/src/auth/awsclient.d.ts(84,5): error TS18028: Private identifiers are only available when targeting ECMAScript 2015 and higher.
node_modules/google-auth-library/build/src/auth/baseexternalclient.d.ts(176,5): error TS18028: Private identifiers are only available when targeting ECMAScript 2015 and higher.
node_modules/google-auth-library/build/src/auth/googleauth.d.ts(90,5): error TS18028: Private identifiers are only available when targeting ECMAScript 2015 and higher.
node_modules/google-auth-library/build/src/util.d.ts(134,5): error TS18028: Private identifiers are only available when targeting ECMAScript 2015 and higher.
node_modules/gtoken/build/src/index.d.ts(38,5): error TS18028: Private identifiers are only available when targeting ECMAScript 2015 and higher.
scripts/process-hls.ts(3,8): error TS1259: Module '"C:/Users/nicol/Desktop/Site portfolio gauteh/node_modules/@types/fluent-ffmpeg/index"' can only be default-imported using the 'esModuleInterop' flag
scripts/process-hls.ts(4,8): error TS1259: Module '"path"' can only be default-imported using the 'esModuleInterop' flag
scripts/process-hls.ts(5,8): error TS1192: Module '"os"' has no default export.
scripts/process-hls.ts(6,8): error TS1192: Module '"fs"' has no default export.
